0 verbose cli /opt/homebrew/Cellar/node/24.10.0/bin/node /opt/homebrew/bin/npm
1 info using npm@11.6.0
2 info using node@v24.10.0
3 silly config load:file:/opt/homebrew/lib/node_modules/npm/npmrc
4 silly config load:file:/Users/melophonic/Documents/GitHub/xtrata/xtrata-1.0/packages/xtrata-reconstruction/.npmrc
5 silly config load:file:/Users/melophonic/.npmrc
6 silly config load:file:/opt/homebrew/etc/npmrc
7 verbose title npm pack
8 verbose argv "pack" "--pack-destination" "/Users/melophonic/Documents/GitHub/xtrata/xtrata-1.0/.artifacts/sdk"
9 verbose logfile logs-max:10 dir:/Users/melophonic/Documents/GitHub/xtrata/xtrata-1.0/.artifacts/sdk/npm-cache/_logs/2026-02-17T00_25_15_717Z-
10 verbose logfile /Users/melophonic/Documents/GitHub/xtrata/xtrata-1.0/.artifacts/sdk/npm-cache/_logs/2026-02-17T00_25_15_717Z-debug-0.log
11 silly logfile start cleaning logs, removing 1 files
12 silly logfile done cleaning log files
13 silly packumentCache heap:2348810240 maxSize:587202560 maxEntrySize:293601280
14 notice
15 notice package: @xtrata/reconstruction@0.1.0
16 notice Tarball Contents
17 notice 295B README.md
17 notice 2.0kB dist/index.d.ts
17 notice 1.9kB dist/index.d.ts.map
17 notice 4.8kB dist/index.js
17 notice 5.6kB dist/index.js.map
17 notice 640B package.json
18 notice Tarball Details
19 notice name: @xtrata/reconstruction
20 notice version: 0.1.0
21 notice filename: xtrata-reconstruction-0.1.0.tgz
22 notice package size: 4.3 kB
23 notice unpacked size: 15.3 kB
24 notice shasum: 339cf5f370093dcfdbef51d8c1fcf1bb468afe18
25 notice integrity: sha512-qt+xYE97/8mYE[...]sBRa8O4B118yQ==
26 notice total files: 6
27 notice
28 verbose cwd /Users/melophonic/Documents/GitHub/xtrata/xtrata-1.0/packages/xtrata-reconstruction
29 verbose os Darwin 23.6.0
30 verbose node v24.10.0
31 verbose npm  v11.6.0
32 verbose exit 0
33 info ok
